Nothing to build in platform 'Zedboard-DMA'

13:41:03 **** Incremental Build of configuration Debug for project Zedboard_DMA ****
make all 
D:/Vitis/Vitis/2022.1/gnuwin/bin/make --no-print-directory pre-build
a9-linaro-pre-build-step
' '
D:/Vitis/Vitis/2022.1/gnuwin/bin/make --no-print-directory main-build
'Building file: ../src/demo.c'
'Invoking: ARM v7 gcc compiler'
arm-none-eabi-gcc -Wall -O0 -g3 -c -fmessage-length=0 -MT"src/demo.o" -mcpu=cortex-a9 -mfpu=vfpv3 -mfloat-abi=hard -ID:/Vitis/USERS/10_Zedboard_audio_in/Zedboard-DMA-2018.2-1/sdk_appsrc/Zedboard-DMA/export/Zedboard-DMA/sw/Zedboard-DMA/standalone_domain/bspinclude/include -ID:\Vitis\USERS\10_Zedboard_audio_in\Zedboard-DMA-2018.2-1\sdk_appsrc\Zedboard-DMA\ps7_cortexa9_0\standalone_domain\bsp\ps7_cortexa9_0\include -MMD -MP -MF"src/demo.d" -MT"src/demo.o" -o "src/demo.o" "../src/demo.c"
'Finished building: ../src/demo.c'
' '
'Building target: Zedboard_DMA.elf'
'Invoking: ARM v7 gcc linker'
arm-none-eabi-gcc -mcpu=cortex-a9 -mfpu=vfpv3 -mfloat-abi=hard -Wl,-build-id=none -specs=Xilinx.spec -Wl,-T -Wl,../src/lscript.ld -LD:/Vitis/USERS/10_Zedboard_audio_in/Zedboard-DMA-2018.2-1/sdk_appsrc/Zedboard-DMA/export/Zedboard-DMA/sw/Zedboard-DMA/standalone_domain/bsplib/lib -o "Zedboard_DMA.elf"  ./src/userio/userio.o  ./src/kws/kws_engine.o  ./src/intc/intc.o  ./src/iic/iic.o  ./src/dma/dma.o  ./src/audio/audio.o  ./src/demo.o ./src/platform.o   -Wl,--start-group,-lxilffs,-lxil,-lgcc,-lc,-lm,--end-group
'Finished building target: Zedboard_DMA.elf'
' '
'Invoking: ARM v7 Print Size'
arm-none-eabi-size Zedboard_DMA.elf  |tee "Zedboard_DMA.elf.size"
   text	   data	    bss	    dec	    hex	filename
 105097	   3128	34323184	34431409	20d61b1	Zedboard_DMA.elf
'Finished building: Zedboard_DMA.elf.size'
' '
13:41:05 **** Incremental Build of configuration Debug for project Zedboard_DMA_system ****
make all 
Generating bif file for the system project
generate_system_bif.bat 1168 D:/Vitis/USERS/10_Zedboard_audio_in/Zedboard-DMA-2018.2-1/sdk_appsrc/Zedboard-DMA/export/Zedboard-DMA/Zedboard-DMA.xpfm standalone_domain D:/Vitis/USERS/10_Zedboard_audio_in/Zedboard-DMA-2018.2-1/sdk_appsrc/Zedboard_DMA_system/Debug/system.bif
sdcard_gen --xpfm D:/Vitis/USERS/10_Zedboard_audio_in/Zedboard-DMA-2018.2-1/sdk_appsrc/Zedboard-DMA/export/Zedboard-DMA/Zedboard-DMA.xpfm --sys_config Zedboard-DMA --bif D:/Vitis/USERS/10_Zedboard_audio_in/Zedboard-DMA-2018.2-1/sdk_appsrc/Zedboard_DMA_system/Debug/system.bif --bitstream D:/Vitis/USERS/10_Zedboard_audio_in/Zedboard-DMA-2018.2-1/sdk_appsrc/Zedboard_DMA/_ide/bitstream/design_1_wrapper.bit --elf D:/Vitis/USERS/10_Zedboard_audio_in/Zedboard-DMA-2018.2-1/sdk_appsrc/Zedboard_DMA/Debug/Zedboard_DMA.elf,ps7_cortexa9_0
creating BOOT.BIN using D:/Vitis/USERS/10_Zedboard_audio_in/Zedboard-DMA-2018.2-1/sdk_appsrc/Zedboard_DMA/_ide/bitstream/design_1_wrapper.bit
Running D:/Vitis/Vitis/2022.1/bin/bootgen  -image D:/Vitis/USERS/10_Zedboard_audio_in/Zedboard-DMA-2018.2-1/sdk_appsrc/Zedboard_DMA_system/Debug/sd_card_temp/boot.bif -w -o i BOOT.BIN
