22:03:15 **** Incremental Build of configuration Debug for project Zedboard_DMA ****
make all 
D:/Vitis/Vitis/2022.1/gnuwin/bin/make --no-print-directory pre-build
a9-linaro-pre-build-step
' '
D:/Vitis/Vitis/2022.1/gnuwin/bin/make --no-print-directory main-build
'Building target: Zedboard_DMA.elf'
'Invoking: ARM v7 gcc linker'
arm-none-eabi-gcc -mcpu=cortex-a9 -mfpu=vfpv3 -mfloat-abi=hard -Wl,-build-id=none -specs=Xilinx.spec -Wl,-T -Wl,../src/lscript.ld -LD:/Vitis/USERS/10_Zedboard_audio_in/Zedboard-DMA-2018.2-1/sdk_appsrc/Zedboard-DMA/export/Zedboard-DMA/sw/Zedboard-DMA/standalone_domain/bsplib/lib -o "Zedboard_DMA.elf"  ./src/userio/userio.o  ./src/kws/kws_engine.o  ./src/intc/intc.o  ./src/iic/iic.o  ./src/dma/dma.o  ./src/audio/audio.o  ./src/demo.o ./src/platform.o   -Wl,--start-group,-lxilffs,-lxil,-lgcc,-lc,-lm,--end-group
'Finished building target: Zedboard_DMA.elf'
' '
'Invoking: ARM v7 Print Size'
arm-none-eabi-size Zedboard_DMA.elf  |tee "Zedboard_DMA.elf.size"
   text	   data	    bss	    dec	    hex	filename
 103953	   3128	34250992	34358073	20c4339	Zedboard_DMA.elf
'Finished building: Zedboard_DMA.elf.size'
' '

22:03:17 Build Finished (took 1s.230ms)

